gcc -g p4original.c
îº§ gdb a.out
GNU gdb (Ubuntu 8.1.1-0ubuntu1) 8.1.1
Copyright (C) 2018 Free Software Foundation, Inc.
License GPLv3+: GNU GPL version 3 or later <http://gnu.org/licenses/gpl.html>
This is free software: you are free to change and redistribute it.
There is NO WARRANTY, to the extent permitted by law.  Type "show copying"
and "show warranty" for details.
This GDB was configured as "x86_64-linux-gnu".
Type "show configuration" for configuration details.
For bug reporting instructions, please see:
<http://www.gnu.org/software/gdb/bugs/>.
Find the GDB manual and other documentation resources online at:
<http://www.gnu.org/software/gdb/documentation/>.
For help, type "help".
Type "apropos word" to search for commands related to "word"...
Reading symbols from a.out...done.
(gdb) b main
Breakpoint 1 at 0x873: file p4original.c, line 44.
(gdb) r
Starting program: /home/runner/pps-test1-RNAGESHA-37/a.out 
warning: Error disabling address space randomization: Operation not permitted

Breakpoint 1, main () at p4original.c:44
44    a=input();
(gdb) s
input () at p4original.c:3
3   {
(gdb) n
5     printf("enter the three number\n");
(gdb) n
enter the three number
6     scanf("%d",&x);
(gdb) n
4
7     return x;
(gdb) n
8   }
(gdb) n
main () at p4original.c:45
45    b=input();
(gdb) s
input () at p4original.c:3
3   {
(gdb) n
5     printf("enter the three number\n");
(gdb) n
enter the three number
6     scanf("%d",&x);
(gdb) n
8
7     return x;
(gdb) n
8   }
(gdb) n
main () at p4original.c:46
46    c=input();
(gdb) s
input () at p4original.c:3
3   {
(gdb) n
5     printf("enter the three number\n");
(gdb) n
enter the three number
6     scanf("%d",&x);
(gdb) n
6
7     return x;
(gdb) n
8   }
(gdb) n
main () at p4original.c:47
47    largest = cmp(a,b,c);
(gdb) s
cmp (a=4, b=8, c=6) at p4original.c:11
11    if(a>b && a>c)
(gdb) n
15    else if(b>a && b>c)
(gdb) n
17      return b;
(gdb) n
24  }
(gdb) p a
$1 = 4
(gdb) p b
$2 = 8
(gdb) p c
$3 = 6
(gdb) n
main () at p4original.c:48
48    output(a,b,c,largest);
(gdb) s
output (a=4, b=8, c=6, largest=8) at p4original.c:27
27    if(largest==a)
(gdb) n
31    else if(largest==b)
(gdb) n
33      printf("%d is largest  of  all\n",largest);
(gdb) n
8 is largest  of  all
39    return 0;
(gdb) n
40  }
(gdb) n
main () at p4original.c:49
49    return 0;
(gdb) n
50  }(gdb) c
Continuing.
[Inferior 1 (process 83) exited normally]
(gdb) 